20:51:42 **** Incremental Build of configuration Debug for project IRQpriority ****
make -j20 all 
arm-none-eabi-gcc "../Src/main.c" -mcpu=cortex-m4 -std=gnu11 -g3 -DDEBUG -DSTM32 -DSTM32F4 -DSTM32F446ZETx -c -I../Inc -O0 -ffunction-sections -fdata-sections -Wall -fstack-usage -fcyclomatic-complexity -MMD -MP -MF"Src/main.d" -MT"Src/main.o" --specs=nano.specs -mfpu=fpv4-sp-d16 -mfloat-abi=hard -mthumb -o "Src/main.o"
arm-none-eabi-gcc -o "IRQpriority.elf" @"objects.list"   -mcpu=cortex-m4 -T"C:\jun\Learn\ArmCortexMProcessor\project\IRQpriority\STM32F446ZETX_FLASH.ld" --specs=nosys.specs -Wl,-Map="IRQpriority.map" -Wl,--gc-sections -static --specs=nano.specs -mfpu=fpv4-sp-d16 -mfloat-abi=hard -mthumb -Wl,--start-group -lc -lm -Wl,--end-group
Finished building target: IRQpriority.elf
 
arm-none-eabi-size  IRQpriority.elf 
arm-none-eabi-objdump -h -S IRQpriority.elf  > "IRQpriority.list"
   text	   data	    bss	    dec	    hex	filename
   3704	    100	   1900	   5704	   1648	IRQpriority.elf
Finished building: default.size.stdout
 
Finished building: IRQpriority.list
 

20:51:43 Build Finished. 0 errors, 0 warnings. (took 391ms)

