00:49:07 **** Incremental Build of configuration Debug for project Operation_mode ****
make -j20 all 
arm-none-eabi-gcc "../Src/main.c" -mcpu=cortex-m4 -std=gnu11 -g3 -DDEBUG -DSTM32 -DSTM32F4 -DSTM32F446ZETx -c -I../Inc -O0 -ffunction-sections -fdata-sections -Wall -fstack-usage -fcyclomatic-complexity -MMD -MP -MF"Src/main.d" -MT"Src/main.o" --specs=nano.specs -mfpu=fpv4-sp-d16 -mfloat-abi=hard -mthumb -o "Src/main.o"
arm-none-eabi-gcc -o "Operation_mode.elf" @"objects.list"   -mcpu=cortex-m4 -T"C:\jun\Learn\ArmCortexMProcessor\project\Operation_mode\STM32F446ZETX_FLASH.ld" --specs=nosys.specs -Wl,-Map="Operation_mode.map" -Wl,--gc-sections -static --specs=nano.specs -mfpu=fpv4-sp-d16 -mfloat-abi=hard -mthumb -Wl,--start-group -lc -lm -Wl,--end-group
Finished building target: Operation_mode.elf
 
arm-none-eabi-size  Operation_mode.elf 
arm-none-eabi-objdump -h -S Operation_mode.elf  > "Operation_mode.list"
   text	   data	    bss	    dec	    hex	filename
   3640	     92	   1900	   5632	   1600	Operation_mode.elf
Finished building: default.size.stdout
 
Finished building: Operation_mode.list
 

00:49:07 Build Finished. 0 errors, 0 warnings. (took 338ms)

