00:57:46 **** Incremental Build of configuration Debug for project SVC_Operation ****
make -j20 all 
arm-none-eabi-gcc "../Src/main.c" -mcpu=cortex-m4 -std=gnu11 -g3 -DDEBUG -DSTM32 -DSTM32F4 -DSTM32F446ZETx -c -I../Inc -O0 -ffunction-sections -fdata-sections -Wall -fstack-usage -fcyclomatic-complexity -MMD -MP -MF"Src/main.d" -MT"Src/main.o" --specs=nano.specs -mfpu=fpv4-sp-d16 -mfloat-abi=hard -mthumb -o "Src/main.o"
arm-none-eabi-gcc -o "SVC_Operation.elf" @"objects.list"   -mcpu=cortex-m4 -T"C:\jun\Learn\ArmCortexMProcessor\project\SVC_Operation\STM32F446ZETX_FLASH.ld" --specs=nosys.specs -Wl,-Map="SVC_Operation.map" -Wl,--gc-sections -static --specs=nano.specs -mfpu=fpv4-sp-d16 -mfloat-abi=hard -mthumb -Wl,--start-group -lc -lm -Wl,--end-group
Finished building target: SVC_Operation.elf
 
arm-none-eabi-size  SVC_Operation.elf 
arm-none-eabi-objdump -h -S SVC_Operation.elf  > "SVC_Operation.list"
   text	   data	    bss	    dec	    hex	filename
   5364	     92	   1900	   7356	   1cbc	SVC_Operation.elf
Finished building: default.size.stdout
 
Finished building: SVC_Operation.list
 

00:57:47 Build Finished. 0 errors, 0 warnings. (took 392ms)

