00:02:00 **** Incremental Build of configuration Debug for project SVC_Instruction ****
make -j20 all 
arm-none-eabi-gcc "../Src/main.c" -mcpu=cortex-m4 -std=gnu11 -g3 -DDEBUG -DSTM32 -DSTM32F4 -DSTM32F446ZETx -c -I../Inc -O0 -ffunction-sections -fdata-sections -Wall -fstack-usage -fcyclomatic-complexity -MMD -MP -MF"Src/main.d" -MT"Src/main.o" --specs=nano.specs -mfpu=fpv4-sp-d16 -mfloat-abi=hard -mthumb -o "Src/main.o"
arm-none-eabi-gcc -o "SVC_Instruction.elf" @"objects.list"   -mcpu=cortex-m4 -T"C:\jun\Learn\ArmCortexMProcessor\project\SVC_Instruction\STM32F446ZETX_FLASH.ld" --specs=nosys.specs -Wl,-Map="SVC_Instruction.map" -Wl,--gc-sections -static --specs=nano.specs -mfpu=fpv4-sp-d16 -mfloat-abi=hard -mthumb -Wl,--start-group -lc -lm -Wl,--end-group
Finished building target: SVC_Instruction.elf
 
arm-none-eabi-size  SVC_Instruction.elf 
arm-none-eabi-objdump -h -S SVC_Instruction.elf  > "SVC_Instruction.list"
   text	   data	    bss	    dec	    hex	filename
   5308	     92	   1900	   7300	   1c84	SVC_Instruction.elf
Finished building: default.size.stdout
 
Finished building: SVC_Instruction.list
 

00:02:00 Build Finished. 0 errors, 0 warnings. (took 383ms)

